
--- Testing TASK Mode ---
Detected Mode: TASK
Status: 200
Response: {
  "title": "Buy milk",
  "time": "5pm",
  "date": "tomorrow",
  "repeat": null,
  "priority": null
}
